Command line invocation:
    /Applications/Xcode_16.4.app/Contents/Developer/usr/bin/xcodebuild -project AirCard-iOS.xcodeproj -scheme AirCard-iOS -configuration Release -destination generic/platform=iOS -derivedDataPath build/DerivedData CODE_SIGN_IDENTITY= CODE_SIGNING_REQUIRED=NO CODE_SIGNING_ALLOWED=NO CODE_SIGN_ENTITLEMENTS= clean build

Build settings from command line:
    CODE_SIGN_ENTITLEMENTS = 
    CODE_SIGN_IDENTITY = 
    CODE_SIGNING_ALLOWED = NO
    CODE_SIGNING_REQUIRED = NO

note: Using codesigning identity override: 
ComputePackagePrebuildTargetDependencyGraph

CreateBuildRequest

SendProjectDescription

CreateBuildOperation

** CLEAN SUCCEEDED **

note: Using codesigning identity override: 
ComputePackagePrebuildTargetDependencyGraph

Prepare packages

CreateBuildRequest

SendProjectDescription

CreateBuildOperation

ComputeTargetDependencyGraph
note: Building targets in dependency order
note: Target dependency graph (1 target)
    Target 'AirCard-iOS' in project 'AirCard-iOS' (no dependencies)

GatherProvisioningInputs

CreateBuildDescription

ExecuteExternalTool /Applications/Xcode_16.4.app/Contents/Developer/Toolchains/XcodeDefault.xctoolchain/usr/bin/clang -v -E -dM -arch arm64 -isysroot /Applications/Xcode_16.4.app/Contents/Developer/Platforms/iPhoneOS.platform/Developer/SDKs/iPhoneOS18.5.sdk -x objective-c -c /dev/null

ExecuteExternalTool /Applications/Xcode_16.4.app/Contents/Developer/Toolchains/XcodeDefault.xctoolchain/usr/bin/clang -v -E -dM -isysroot /Applications/Xcode_16.4.app/Contents/Developer/Platforms/iPhoneOS.platform/Developer/SDKs/iPhoneOS18.5.sdk -x c -c /dev/null

ExecuteExternalTool /Applications/Xcode_16.4.app/Contents/Developer/usr/bin/actool --print-asset-tag-combinations --output-format xml1 /Users/runner/work/AIRCARDOS2/AIRCARDOS2/ios-app/Assets.xcassets

ExecuteExternalTool /Applications/Xcode_16.4.app/Contents/Developer/usr/bin/actool --version --output-format xml1

ExecuteExternalTool /Applications/Xcode_16.4.app/Contents/Developer/Toolchains/XcodeDefault.xctoolchain/usr/bin/swiftc --version

ExecuteExternalTool /Applications/Xcode_16.4.app/Contents/Developer/Toolchains/XcodeDefault.xctoolchain/usr/bin/ld -version_details

ExecuteExternalTool /Applications/Xcode_16.4.app/Contents/Developer/Toolchains/XcodeDefault.xctoolchain/usr/bin/clang -v -E -dM -arch arm64 -isysroot /Applications/Xcode_16.4.app/Contents/Developer/Platforms/iPhoneOS.platform/Developer/SDKs/iPhoneOS18.5.sdk -x c -c /dev/null

Build description signature: c65fabde6a118f54376a1624f8fc1151
Build description path: /Users/runner/work/AIRCARDOS2/AIRCARDOS2/build/DerivedData/Build/Intermediates.noindex/XCBuildData/c65fabde6a118f54376a1624f8fc1151.xcbuilddata
ClangStatCache /Applications/Xcode_16.4.app/Contents/Developer/Toolchains/XcodeDefault.xctoolchain/usr/bin/clang-stat-cache /Applications/Xcode_16.4.app/Contents/Developer/Platforms/iPhoneOS.platform/Developer/SDKs/iPhoneOS18.5.sdk /Users/runner/work/AIRCARDOS2/AIRCARDOS2/build/DerivedData/SDKStatCaches.noindex/iphoneos18.5-22F76-a529daf784b3616c7c04a36aeb7f5c05.sdkstatcache
    cd /Users/runner/work/AIRCARDOS2/AIRCARDOS2/AirCard-iOS.xcodeproj
    /Applications/Xcode_16.4.app/Contents/Developer/Toolchains/XcodeDefault.xctoolchain/usr/bin/clang-stat-cache /Applications/Xcode_16.4.app/Contents/Developer/Platforms/iPhoneOS.platform/Developer/SDKs/iPhoneOS18.5.sdk -o /Users/runner/work/AIRCARDOS2/AIRCARDOS2/build/DerivedData/SDKStatCaches.noindex/iphoneos18.5-22F76-a529daf784b3616c7c04a36aeb7f5c05.sdkstatcache

CreateBuildDirectory /Users/runner/work/AIRCARDOS2/AIRCARDOS2/build/DerivedData/Build/Products
    cd /Users/runner/work/AIRCARDOS2/AIRCARDOS2/AirCard-iOS.xcodeproj
    builtin-create-build-directory /Users/runner/work/AIRCARDOS2/AIRCARDOS2/build/DerivedData/Build/Products

CreateBuildDirectory /Users/runner/work/AIRCARDOS2/AIRCARDOS2/build/DerivedData/Build/Intermediates.noindex
    cd /Users/runner/work/AIRCARDOS2/AIRCARDOS2/AirCard-iOS.xcodeproj
    builtin-create-build-directory /Users/runner/work/AIRCARDOS2/AIRCARDOS2/build/DerivedData/Build/Intermediates.noindex

CreateBuildDirectory /Users/runner/work/AIRCARDOS2/AIRCARDOS2/build/DerivedData/Build/Products/Release-iphoneos
    cd /Users/runner/work/AIRCARDOS2/AIRCARDOS2/AirCard-iOS.xcodeproj
    builtin-create-build-directory /Users/runner/work/AIRCARDOS2/AIRCARDOS2/build/DerivedData/Build/Products/Release-iphoneos

WriteAuxiliaryFile /Users/runner/work/AIRCARDOS2/AIRCARDOS2/build/DerivedData/Build/Intermediates.noindex/AirCard-iOS.build/Release-iphoneos/AirCard-iOS-74faad7885c54c850c95b888a16a27bb-VFS-iphoneos/all-product-headers.yaml
    cd /Users/runner/work/AIRCARDOS2/AIRCARDOS2/AirCard-iOS.xcodeproj
    write-file /Users/runner/work/AIRCARDOS2/AIRCARDOS2/build/DerivedData/Build/Intermediates.noindex/AirCard-iOS.build/Release-iphoneos/AirCard-iOS-74faad7885c54c850c95b888a16a27bb-VFS-iphoneos/all-product-headers.yaml

ProcessXCFramework /Users/runner/work/AIRCARDOS2/AIRCARDOS2/AirliftFFI.xcframework /Users/runner/work/AIRCARDOS2/AIRCARDOS2/build/DerivedData/Build/Products/Release-iphoneos/libairlift_ffi.a ios
    cd /Users/runner/work/AIRCARDOS2/AIRCARDOS2/AirCard-iOS.xcodeproj
    builtin-process-xcframework --xcframework /Users/runner/work/AIRCARDOS2/AIRCARDOS2/AirliftFFI.xcframework --platform ios --target-path /Users/runner/work/AIRCARDOS2/AIRCARDOS2/build/DerivedData/Build/Products/Release-iphoneos

CreateBuildDirectory /Users/runner/work/AIRCARDOS2/AIRCARDOS2/build/DerivedData/Build/Intermediates.noindex/EagerLinkingTBDs/Release-iphoneos
    cd /Users/runner/work/AIRCARDOS2/AIRCARDOS2/AirCard-iOS.xcodeproj
    builtin-create-build-directory /Users/runner/work/AIRCARDOS2/AIRCARDOS2/build/DerivedData/Build/Intermediates.noindex/EagerLinkingTBDs/Release-iphoneos

WriteAuxiliaryFile /Users/runner/work/AIRCARDOS2/AIRCARDOS2/build/DerivedData/Build/Intermediates.noindex/AirCard-iOS.build/Release-iphoneos/AirCard-iOS.build/Objects-normal/arm64/e6072d4f65d7061329687fe24e3d63a7-common-args.resp (in target 'AirCard-iOS' from project 'AirCard-iOS')
    cd /Users/runner/work/AIRCARDOS2/AIRCARDOS2
    write-file /Users/runner/work/AIRCARDOS2/AIRCARDOS2/build/DerivedData/Build/Intermediates.noindex/AirCard-iOS.build/Release-iphoneos/AirCard-iOS.build/Objects-normal/arm64/e6072d4f65d7061329687fe24e3d63a7-common-args.resp
-target arm64-apple-ios18.0 '-std=gnu11' -fobjc-arc -fobjc-weak -fmodules -gmodules '-fmodules-cache-path=/Users/runner/work/AIRCARDOS2/AIRCARDOS2/build/DerivedData/ModuleCache.noindex' -fpascal-strings -Os -fno-common '-DNS_BLOCK_ASSERTIONS=1' '-DOBJC_OLD_DISPATCH_PROTOTYPES=0' -isysroot /Applications/Xcode_16.4.app/Contents/Developer/Platforms/iPhoneOS.platform/Developer/SDKs/iPhoneOS18.5.sdk -g '-fvisibility=hidden' -iquote /Users/runner/work/AIRCARDOS2/AIRCARDOS2/build/DerivedData/Build/Intermediates.noindex/AirCard-iOS.build/Release-iphoneos/AirCard-iOS.build/AirCard-iOS-generated-files.hmap -I/Users/runner/work/AIRCARDOS2/AIRCARDOS2/build/DerivedData/Build/Intermediates.noindex/AirCard-iOS.build/Release-iphoneos/AirCard-iOS.build/AirCard-iOS-own-target-headers.hmap -I/Users/runner/work/AIRCARDOS2/AIRCARDOS2/build/DerivedData/Build/Intermediates.noindex/AirCard-iOS.build/Release-iphoneos/AirCard-iOS.build/AirCard-iOS-all-target-headers.hmap -iquote /Users/runner/work/AIRCARDOS2/AIRCARDOS2/build/DerivedData/Build/Intermediates.noindex/AirCard-iOS.build/Release-iphoneos/AirCard-iOS.build/AirCard-iOS-project-headers.hmap -I/Users/runner/work/AIRCARDOS2/AIRCARDOS2/build/DerivedData/Build/Products/Release-iphoneos/include -I/Users/runner/work/AIRCARDOS2/AIRCARDOS2/build/DerivedData/Build/Intermediates.noindex/AirCard-iOS.build/Release-iphoneos/AirCard-iOS.build/DerivedSources-normal/arm64 -I/Users/runner/work/AIRCARDOS2/AIRCARDOS2/build/DerivedData/Build/Intermediates.noindex/AirCard-iOS.build/Release-iphoneos/AirCard-iOS.build/DerivedSources/arm64 -I/Users/runner/work/AIRCARDOS2/AIRCARDOS2/build/DerivedData/Build/Intermediates.noindex/AirCard-iOS.build/Release-iphoneos/AirCard-iOS.build/DerivedSources -F/Users/runner/work/AIRCARDOS2/AIRCARDOS2/build/DerivedData/Build/Products/Release-iphoneos -F.

WriteAuxiliaryFile /Users/runner/work/AIRCARDOS2/AIRCARDOS2/build/DerivedData/Build/Intermediates.noindex/AirCard-iOS.build/Release-iphoneos/AirCard-iOS.build/Objects-normal/arm64/AirCard-iOS_const_extract_protocols.json (in target 'AirCard-iOS' from project 'AirCard-iOS')
    cd /Users/runner/work/AIRCARDOS2/AIRCARDOS2
    write-file /Users/runner/work/AIRCARDOS2/AIRCARDOS2/build/DerivedData/Build/Intermediates.noindex/AirCard-iOS.build/Release-iphoneos/AirCard-iOS.build/Objects-normal/arm64/AirCard-iOS_const_extract_protocols.json

WriteAuxiliaryFile /Users/runner/work/AIRCARDOS2/AIRCARDOS2/build/DerivedData/Build/Intermediates.noindex/AirCard-iOS.build/Release-iphoneos/AirCard-iOS.build/Objects-normal/arm64/AirCard-iOS.SwiftFileList (in target 'AirCard-iOS' from project 'AirCard-iOS')
    cd /Users/runner/work/AIRCARDOS2/AIRCARDOS2
    write-file /Users/runner/work/AIRCARDOS2/AIRCARDOS2/build/DerivedData/Build/Intermediates.noindex/AirCard-iOS.build/Release-iphoneos/AirCard-iOS.build/Objects-normal/arm64/AirCard-iOS.SwiftFileList

WriteAuxiliaryFile /Users/runner/work/AIRCARDOS2/AIRCARDOS2/build/DerivedData/Build/Intermediates.noindex/AirCard-iOS.build/Release-iphoneos/AirCard-iOS.build/Objects-normal/arm64/AirCard-iOS.SwiftConstValuesFileList (in target 'AirCard-iOS' from project 'AirCard-iOS')
    cd /Users/runner/work/AIRCARDOS2/AIRCARDOS2
    write-file /Users/runner/work/AIRCARDOS2/AIRCARDOS2/build/DerivedData/Build/Intermediates.noindex/AirCard-iOS.build/Release-iphoneos/AirCard-iOS.build/Objects-normal/arm64/AirCard-iOS.SwiftConstValuesFileList

WriteAuxiliaryFile /Users/runner/work/AIRCARDOS2/AIRCARDOS2/build/DerivedData/Build/Intermediates.noindex/AirCard-iOS.build/Release-iphoneos/AirCard-iOS.build/Objects-normal/arm64/AirCard-iOS.LinkFileList (in target 'AirCard-iOS' from project 'AirCard-iOS')
    cd /Users/runner/work/AIRCARDOS2/AIRCARDOS2
    write-file /Users/runner/work/AIRCARDOS2/AIRCARDOS2/build/DerivedData/Build/Intermediates.noindex/AirCard-iOS.build/Release-iphoneos/AirCard-iOS.build/Objects-normal/arm64/AirCard-iOS.LinkFileList

WriteAuxiliaryFile /Users/runner/work/AIRCARDOS2/AIRCARDOS2/build/DerivedData/Build/Intermediates.noindex/AirCard-iOS.build/Release-iphoneos/AirCard-iOS.build/Objects-normal/arm64/AirCard-iOS-OutputFileMap.json (in target 'AirCard-iOS' from project 'AirCard-iOS')
    cd /Users/runner/work/AIRCARDOS2/AIRCARDOS2
    write-file /Users/runner/work/AIRCARDOS2/AIRCARDOS2/build/DerivedData/Build/Intermediates.noindex/AirCard-iOS.build/Release-iphoneos/AirCard-iOS.build/Objects-normal/arm64/AirCard-iOS-OutputFileMap.json

WriteAuxiliaryFile /Users/runner/work/AIRCARDOS2/AIRCARDOS2/build/DerivedData/Build/Intermediates.noindex/AirCard-iOS.build/Release-iphoneos/AirCard-iOS.build/AirCard-iOS.hmap (in target 'AirCard-iOS' from project 'AirCard-iOS')
    cd /Users/runner/work/AIRCARDOS2/AIRCARDOS2
    write-file /Users/runner/work/AIRCARDOS2/AIRCARDOS2/build/DerivedData/Build/Intermediates.noindex/AirCard-iOS.build/Release-iphoneos/AirCard-iOS.build/AirCard-iOS.hmap

WriteAuxiliaryFile /Users/runner/work/AIRCARDOS2/AIRCARDOS2/build/DerivedData/Build/Intermediates.noindex/AirCard-iOS.build/Release-iphoneos/AirCard-iOS.build/AirCard-iOS.DependencyStaticMetadataFileList (in target 'AirCard-iOS' from project 'AirCard-iOS')
    cd /Users/runner/work/AIRCARDOS2/AIRCARDOS2
    write-file /Users/runner/work/AIRCARDOS2/AIRCARDOS2/build/DerivedData/Build/Intermediates.noindex/AirCard-iOS.build/Release-iphoneos/AirCard-iOS.build/AirCard-iOS.DependencyStaticMetadataFileList

WriteAuxiliaryFile /Users/runner/work/AIRCARDOS2/AIRCARDOS2/build/DerivedData/Build/Intermediates.noindex/AirCard-iOS.build/Release-iphoneos/AirCard-iOS.build/AirCard-iOS.DependencyMetadataFileList (in target 'AirCard-iOS' from project 'AirCard-iOS')
    cd /Users/runner/work/AIRCARDOS2/AIRCARDOS2
    write-file /Users/runner/work/AIRCARDOS2/AIRCARDOS2/build/DerivedData/Build/Intermediates.noindex/AirCard-iOS.build/Release-iphoneos/AirCard-iOS.build/AirCard-iOS.DependencyMetadataFileList

WriteAuxiliaryFile /Users/runner/work/AIRCARDOS2/AIRCARDOS2/build/DerivedData/Build/Intermediates.noindex/AirCard-iOS.build/Release-iphoneos/AirCard-iOS.build/AirCard-iOS-project-headers.hmap (in target 'AirCard-iOS' from project 'AirCard-iOS')
    cd /Users/runner/work/AIRCARDOS2/AIRCARDOS2
    write-file /Users/runner/work/AIRCARDOS2/AIRCARDOS2/build/DerivedData/Build/Intermediates.noindex/AirCard-iOS.build/Release-iphoneos/AirCard-iOS.build/AirCard-iOS-project-headers.hmap

WriteAuxiliaryFile /Users/runner/work/AIRCARDOS2/AIRCARDOS2/build/DerivedData/Build/Intermediates.noindex/AirCard-iOS.build/Release-iphoneos/AirCard-iOS.build/AirCard-iOS-own-target-headers.hmap (in target 'AirCard-iOS' from project 'AirCard-iOS')
    cd /Users/runner/work/AIRCARDOS2/AIRCARDOS2
    write-file /Users/runner/work/AIRCARDOS2/AIRCARDOS2/build/DerivedData/Build/Intermediates.noindex/AirCard-iOS.build/Release-iphoneos/AirCard-iOS.build/AirCard-iOS-own-target-headers.hmap

WriteAuxiliaryFile /Users/runner/work/AIRCARDOS2/AIRCARDOS2/build/DerivedData/Build/Intermediates.noindex/AirCard-iOS.build/Release-iphoneos/AirCard-iOS.build/AirCard-iOS-generated-files.hmap (in target 'AirCard-iOS' from project 'AirCard-iOS')
    cd /Users/runner/work/AIRCARDOS2/AIRCARDOS2
    write-file /Users/runner/work/AIRCARDOS2/AIRCARDOS2/build/DerivedData/Build/Intermediates.noindex/AirCard-iOS.build/Release-iphoneos/AirCard-iOS.build/AirCard-iOS-generated-files.hmap

WriteAuxiliaryFile /Users/runner/work/AIRCARDOS2/AIRCARDOS2/build/DerivedData/Build/Intermediates.noindex/AirCard-iOS.build/Release-iphoneos/AirCard-iOS.build/AirCard-iOS-all-target-headers.hmap (in target 'AirCard-iOS' from project 'AirCard-iOS')
    cd /Users/runner/work/AIRCARDOS2/AIRCARDOS2
    write-file /Users/runner/work/AIRCARDOS2/AIRCARDOS2/build/DerivedData/Build/Intermediates.noindex/AirCard-iOS.build/Release-iphoneos/AirCard-iOS.build/AirCard-iOS-all-target-headers.hmap

WriteAuxiliaryFile /Users/runner/work/AIRCARDOS2/AIRCARDOS2/build/DerivedData/Build/Intermediates.noindex/AirCard-iOS.build/Release-iphoneos/AirCard-iOS.build/AirCard-iOS-all-non-framework-target-headers.hmap (in target 'AirCard-iOS' from project 'AirCard-iOS')
    cd /Users/runner/work/AIRCARDOS2/AIRCARDOS2
    write-file /Users/runner/work/AIRCARDOS2/AIRCARDOS2/build/DerivedData/Build/Intermediates.noindex/AirCard-iOS.build/Release-iphoneos/AirCard-iOS.build/AirCard-iOS-all-non-framework-target-headers.hmap

MkDir /Users/runner/work/AIRCARDOS2/AIRCARDOS2/build/DerivedData/Build/Products/Release-iphoneos/AirCard-iOS.app (in target 'AirCard-iOS' from project 'AirCard-iOS')
    cd /Users/runner/work/AIRCARDOS2/AIRCARDOS2
    /bin/mkdir -p /Users/runner/work/AIRCARDOS2/AIRCARDOS2/build/DerivedData/Build/Products/Release-iphoneos/AirCard-iOS.app

MkDir /Users/runner/work/AIRCARDOS2/AIRCARDOS2/build/DerivedData/Build/Intermediates.noindex/AirCard-iOS.build/Release-iphoneos/AirCard-iOS.build/assetcatalog_output/unthinned (in target 'AirCard-iOS' from project 'AirCard-iOS')
    cd /Users/runner/work/AIRCARDOS2/AIRCARDOS2
    /bin/mkdir -p /Users/runner/work/AIRCARDOS2/AIRCARDOS2/build/DerivedData/Build/Intermediates.noindex/AirCard-iOS.build/Release-iphoneos/AirCard-iOS.build/assetcatalog_output/unthinned

MkDir /Users/runner/work/AIRCARDOS2/AIRCARDOS2/build/DerivedData/Build/Intermediates.noindex/AirCard-iOS.build/Release-iphoneos/AirCard-iOS.build/assetcatalog_output/thinned (in target 'AirCard-iOS' from project 'AirCard-iOS')
    cd /Users/runner/work/AIRCARDOS2/AIRCARDOS2
    /bin/mkdir -p /Users/runner/work/AIRCARDOS2/AIRCARDOS2/build/DerivedData/Build/Intermediates.noindex/AirCard-iOS.build/Release-iphoneos/AirCard-iOS.build/assetcatalog_output/thinned

GenerateAssetSymbols /Users/runner/work/AIRCARDOS2/AIRCARDOS2/ios-app/Assets.xcassets (in target 'AirCard-iOS' from project 'AirCard-iOS')
    cd /Users/runner/work/AIRCARDOS2/AIRCARDOS2
    /Applications/Xcode_16.4.app/Contents/Developer/usr/bin/actool /Users/runner/work/AIRCARDOS2/AIRCARDOS2/ios-app/Assets.xcassets --compile /Users/runner/work/AIRCARDOS2/AIRCARDOS2/build/DerivedData/Build/Products/Release-iphoneos/AirCard-iOS.app --output-format human-readable-text --notices --warnings --export-dependency-info /Users/runner/work/AIRCARDOS2/AIRCARDOS2/build/DerivedData/Build/Intermediates.noindex/AirCard-iOS.build/Release-iphoneos/AirCard-iOS.build/assetcatalog_dependencies --output-partial-info-plist /Users/runner/work/AIRCARDOS2/AIRCARDOS2/build/DerivedData/Build/Intermediates.noindex/AirCard-iOS.build/Release-iphoneos/AirCard-iOS.build/assetcatalog_generated_info.plist --app-icon AppIcon --compress-pngs --enable-on-demand-resources YES --development-region en --target-device iphone --target-device ipad --minimum-deployment-target 18.0 --platform iphoneos --bundle-identifier com.mak5er.aircard --generate-swift-asset-symbol-extensions NO --generate-swift-asset-symbols /Users/runner/work/AIRCARDOS2/AIRCARDOS2/build/DerivedData/Build/Intermediates.noindex/AirCard-iOS.build/Release-iphoneos/AirCard-iOS.build/DerivedSources/GeneratedAssetSymbols.swift --generate-objc-asset-symbols /Users/runner/work/AIRCARDOS2/AIRCARDOS2/build/DerivedData/Build/Intermediates.noindex/AirCard-iOS.build/Release-iphoneos/AirCard-iOS.build/DerivedSources/GeneratedAssetSymbols.h --generate-asset-symbol-index /Users/runner/work/AIRCARDOS2/AIRCARDOS2/build/DerivedData/Build/Intermediates.noindex/AirCard-iOS.build/Release-iphoneos/AirCard-iOS.build/DerivedSources/GeneratedAssetSymbols-Index.plist
/* com.apple.actool.compilation-results */
/Users/runner/work/AIRCARDOS2/AIRCARDOS2/build/DerivedData/Build/Intermediates.noindex/AirCard-iOS.build/Release-iphoneos/AirCard-iOS.build/DerivedSources/GeneratedAssetSymbols-Index.plist
/Users/runner/work/AIRCARDOS2/AIRCARDOS2/build/DerivedData/Build/Intermediates.noindex/AirCard-iOS.build/Release-iphoneos/AirCard-iOS.build/DerivedSources/GeneratedAssetSymbols.h
/Users/runner/work/AIRCARDOS2/AIRCARDOS2/build/DerivedData/Build/Intermediates.noindex/AirCard-iOS.build/Release-iphoneos/AirCard-iOS.build/DerivedSources/GeneratedAssetSymbols.swift


CpResource /Users/runner/work/AIRCARDOS2/AIRCARDOS2/build/DerivedData/Build/Products/Release-iphoneos/AirCard-iOS.app/library /Users/runner/work/AIRCARDOS2/AIRCARDOS2/core-engine/library (in target 'AirCard-iOS' from project 'AirCard-iOS')
    cd /Users/runner/work/AIRCARDOS2/AIRCARDOS2
    builtin-copy -exclude .DS_Store -exclude CVS -exclude .svn -exclude .git -exclude .hg -resolve-src-symlinks /Users/runner/work/AIRCARDOS2/AIRCARDOS2/core-engine/library /Users/runner/work/AIRCARDOS2/AIRCARDOS2/build/DerivedData/Build/Products/Release-iphoneos/AirCard-iOS.app

CompileAssetCatalogVariant thinned /Users/runner/work/AIRCARDOS2/AIRCARDOS2/build/DerivedData/Build/Products/Release-iphoneos/AirCard-iOS.app /Users/runner/work/AIRCARDOS2/AIRCARDOS2/ios-app/Assets.xcassets (in target 'AirCard-iOS' from project 'AirCard-iOS')
    cd /Users/runner/work/AIRCARDOS2/AIRCARDOS2
    /Applications/Xcode_16.4.app/Contents/Developer/usr/bin/actool /Users/runner/work/AIRCARDOS2/AIRCARDOS2/ios-app/Assets.xcassets --compile /Users/runner/work/AIRCARDOS2/AIRCARDOS2/build/DerivedData/Build/Intermediates.noindex/AirCard-iOS.build/Release-iphoneos/AirCard-iOS.build/assetcatalog_output/thinned --output-format human-readable-text --notices --warnings --export-dependency-info /Users/runner/work/AIRCARDOS2/AIRCARDOS2/build/DerivedData/Build/Intermediates.noindex/AirCard-iOS.build/Release-iphoneos/AirCard-iOS.build/assetcatalog_dependencies_thinned --output-partial-info-plist /Users/runner/work/AIRCARDOS2/AIRCARDOS2/build/DerivedData/Build/Intermediates.noindex/AirCard-iOS.build/Release-iphoneos/AirCard-iOS.build/assetcatalog_generated_info.plist_thinned --app-icon AppIcon --compress-pngs --enable-on-demand-resources YES --development-region en --target-device iphone --target-device ipad --minimum-deployment-target 18.0 --platform iphoneos
/* com.apple.actool.compilation-results */
/Users/runner/work/AIRCARDOS2/AIRCARDOS2/build/DerivedData/Build/Intermediates.noindex/AirCard-iOS.build/Release-iphoneos/AirCard-iOS.build/assetcatalog_generated_info.plist_thinned
/Users/runner/work/AIRCARDOS2/AIRCARDOS2/build/DerivedData/Build/Intermediates.noindex/AirCard-iOS.build/Release-iphoneos/AirCard-iOS.build/assetcatalog_output/thinned/AppIcon60x60@2x.png
/Users/runner/work/AIRCARDOS2/AIRCARDOS2/build/DerivedData/Build/Intermediates.noindex/AirCard-iOS.build/Release-iphoneos/AirCard-iOS.build/assetcatalog_output/thinned/AppIcon76x76@2x~ipad.png
/Users/runner/work/AIRCARDOS2/AIRCARDOS2/build/DerivedData/Build/Intermediates.noindex/AirCard-iOS.build/Release-iphoneos/AirCard-iOS.build/assetcatalog_output/thinned/Assets.car


SwiftDriver AirCard-iOS normal arm64 com.apple.xcode.tools.swift.compiler (in target 'AirCard-iOS' from project 'AirCard-iOS')
    cd /Users/runner/work/AIRCARDOS2/AIRCARDOS2
    builtin-SwiftDriver -- /Applications/Xcode_16.4.app/Contents/Developer/Toolchains/XcodeDefault.xctoolchain/usr/bin/swiftc -module-name AirCard_iOS -O -whole-module-optimization -enforce-exclusivity\=checked @/Users/runner/work/AIRCARDOS2/AIRCARDOS2/build/DerivedData/Build/Intermediates.noindex/AirCard-iOS.build/Release-iphoneos/AirCard-iOS.build/Objects-normal/arm64/AirCard-iOS.SwiftFileList -enable-bare-slash-regex -enable-experimental-feature DebugDescriptionMacro -sdk /Applications/Xcode_16.4.app/Contents/Developer/Platforms/iPhoneOS.platform/Developer/SDKs/iPhoneOS18.5.sdk -target arm64-apple-ios18.0 -g -module-cache-path /Users/runner/work/AIRCARDOS2/AIRCARDOS2/build/DerivedData/ModuleCache.noindex -Xfrontend -serialize-debugging-options -swift-version 5 -I /Users/runner/work/AIRCARDOS2/AIRCARDOS2/build/DerivedData/Build/Products/Release-iphoneos -F /Users/runner/work/AIRCARDOS2/AIRCARDOS2/build/DerivedData/Build/Products/Release-iphoneos -F . -c -num-threads 3 -Xcc -ivfsstatcache -Xcc /Users/runner/work/AIRCARDOS2/AIRCARDOS2/build/DerivedData/SDKStatCaches.noindex/iphoneos18.5-22F76-a529daf784b3616c7c04a36aeb7f5c05.sdkstatcache -output-file-map /Users/runner/work/AIRCARDOS2/AIRCARDOS2/build/DerivedData/Build/Intermediates.noindex/AirCard-iOS.build/Release-iphoneos/AirCard-iOS.build/Objects-normal/arm64/AirCard-iOS-OutputFileMap.json -use-frontend-parseable-output -save-temps -no-color-diagnostics -serialize-diagnostics -emit-dependencies -emit-module -emit-module-path /Users/runner/work/AIRCARDOS2/AIRCARDOS2/build/DerivedData/Build/Intermediates.noindex/AirCard-iOS.build/Release-iphoneos/AirCard-iOS.build/Objects-normal/arm64/AirCard_iOS.swiftmodule -validate-clang-modules-once -clang-build-session-file /Users/runner/work/AIRCARDOS2/AIRCARDOS2/build/DerivedData/ModuleCache.noindex/Session.modulevalidation -Xcc -I/Users/runner/work/AIRCARDOS2/AIRCARDOS2/build/DerivedData/Build/Intermediates.noindex/AirCard-iOS.build/Release-iphoneos/AirCard-iOS.build/swift-overrides.hmap -emit-const-values -Xfrontend -const-gather-protocols-file -Xfrontend /Users/runner/work/AIRCARDOS2/AIRCARDOS2/build/DerivedData/Build/Intermediates.noindex/AirCard-iOS.build/Release-iphoneos/AirCard-iOS.build/Objects-normal/arm64/AirCard-iOS_const_extract_protocols.json -Xcc -iquote -Xcc /Users/runner/work/AIRCARDOS2/AIRCARDOS2/build/DerivedData/Build/Intermediates.noindex/AirCard-iOS.build/Release-iphoneos/AirCard-iOS.build/AirCard-iOS-generated-files.hmap -Xcc -I/Users/runner/work/AIRCARDOS2/AIRCARDOS2/build/DerivedData/Build/Intermediates.noindex/AirCard-iOS.build/Release-iphoneos/AirCard-iOS.build/AirCard-iOS-own-target-headers.hmap -Xcc -I/Users/runner/work/AIRCARDOS2/AIRCARDOS2/build/DerivedData/Build/Intermediates.noindex/AirCard-iOS.build/Release-iphoneos/AirCard-iOS.build/AirCard-iOS-all-target-headers.hmap -Xcc -iquote -Xcc /Users/runner/work/AIRCARDOS2/AIRCARDOS2/build/DerivedData/Build/Intermediates.noindex/AirCard-iOS.build/Release-iphoneos/AirCard-iOS.build/AirCard-iOS-project-headers.hmap -Xcc -I/Users/runner/work/AIRCARDOS2/AIRCARDOS2/build/DerivedData/Build/Products/Release-iphoneos/include -Xcc -I/Users/runner/work/AIRCARDOS2/AIRCARDOS2/build/DerivedData/Build/Intermediates.noindex/AirCard-iOS.build/Release-iphoneos/AirCard-iOS.build/DerivedSources-normal/arm64 -Xcc -I/Users/runner/work/AIRCARDOS2/AIRCARDOS2/build/DerivedData/Build/Intermediates.noindex/AirCard-iOS.build/Release-iphoneos/AirCard-iOS.build/DerivedSources/arm64 -Xcc -I/Users/runner/work/AIRCARDOS2/AIRCARDOS2/build/DerivedData/Build/Intermediates.noindex/AirCard-iOS.build/Release-iphoneos/AirCard-iOS.build/DerivedSources -emit-objc-header -emit-objc-header-path /Users/runner/work/AIRCARDOS2/AIRCARDOS2/build/DerivedData/Build/Intermediates.noindex/AirCard-iOS.build/Release-iphoneos/AirCard-iOS.build/Objects-normal/arm64/AirCard_iOS-Swift.h -working-directory /Users/runner/work/AIRCARDOS2/AIRCARDOS2 -no-emit-module-separately-wmo

SwiftCompile normal arm64 Compiling\ AIChatEngine.swift,\ AIChatView.swift,\ AILiveActivity.swift,\ AIModel.swift,\ AIOrbView.swift,\ AIToolRouter.swift,\ AIVisionEngine.swift,\ AirCardApp.swift,\ AirCardLibrary.swift,\ AirCardSystemBridge.swift,\ AppViewModel.swift,\ CardPhotoCropView.swift,\ CardPhotoPicker.swift,\ ContentView.swift,\ Models.swift,\ NetworkStatus.swift,\ NotchIslandView.swift,\ PairingController.swift,\ RespringHelper.swift,\ SpeechRuntime.swift,\ TendiesEngine.swift,\ TendiesModel.swift,\ TendiesView.swift,\ TweakLibraryView.swift,\ Utilities.swift,\ GeneratedAssetSymbols.swift /Users/runner/work/AIRCARDOS2/AIRCARDOS2/ios-app/AirCardAI/AIChatEngine.swift /Users/runner/work/AIRCARDOS2/AIRCARDOS2/ios-app/AirCardAI/AIChatView.swift /Users/runner/work/AIRCARDOS2/AIRCARDOS2/ios-app/AirCardAI/AILiveActivity.swift /Users/runner/work/AIRCARDOS2/AIRCARDOS2/ios-app/AirCardAI/AIModel.swift /Users/runner/work/AIRCARDOS2/AIRCARDOS2/ios-app/AirCardAI/AIOrbView.swift /Users/runner/work/AIRCARDOS2/AIRCARDOS2/ios-app/AirCardAI/AIToolRouter.swift /Users/runner/work/AIRCARDOS2/AIRCARDOS2/ios-app/AirCardAI/AIVisionEngine.swift /Users/runner/work/AIRCARDOS2/AIRCARDOS2/ios-app/AirCardApp.swift /Users/runner/work/AIRCARDOS2/AIRCARDOS2/ios-app/AirCardLibrary/AirCardLibrary.swift /Users/runner/work/AIRCARDOS2/AIRCARDOS2/ios-app/AirCardLibrary/AirCardSystemBridge.swift /Users/runner/work/AIRCARDOS2/AIRCARDOS2/ios-app/AppViewModel.swift /Users/runner/work/AIRCARDOS2/AIRCARDOS2/ios-app/CardPhotoCropView.swift /Users/runner/work/AIRCARDOS2/AIRCARDOS2/ios-app/CardPhotoPicker.swift /Users/runner/work/AIRCARDOS2/AIRCARDOS2/ios-app/ContentView.swift /Users/runner/work/AIRCARDOS2/AIRCARDOS2/ios-app/Models.swift /Users/runner/work/AIRCARDOS2/AIRCARDOS2/ios-app/NetworkStatus.swift /Users/runner/work/AIRCARDOS2/AIRCARDOS2/ios-app/AirCardAI/NotchIslandView.swift /Users/runner/work/AIRCARDOS2/AIRCARDOS2/ios-app/PairingController.swift /Users/runner/work/AIRCARDOS2/AIRCARDOS2/ios-app/RespringHelper.swift /Users/runner/work/AIRCARDOS2/AIRCARDOS2/ios-app/AirCardAI/SpeechRuntime.swift /Users/runner/work/AIRCARDOS2/AIRCARDOS2/ios-app/TendiesEngine.swift /Users/runner/work/AIRCARDOS2/AIRCARDOS2/ios-app/TendiesModel.swift /Users/runner/work/AIRCARDOS2/AIRCARDOS2/ios-app/TendiesView.swift /Users/runner/work/AIRCARDOS2/AIRCARDOS2/ios-app/AirCardLibrary/TweakLibraryView.swift /Users/runner/work/AIRCARDOS2/AIRCARDOS2/ios-app/Utilities.swift /Users/runner/work/AIRCARDOS2/AIRCARDOS2/build/DerivedData/Build/Intermediates.noindex/AirCard-iOS.build/Release-iphoneos/AirCard-iOS.build/DerivedSources/GeneratedAssetSymbols.swift (in target 'AirCard-iOS' from project 'AirCard-iOS')
CompileSwift normal arm64 (in target 'AirCard-iOS' from project 'AirCard-iOS')
    cd /Users/runner/work/AIRCARDOS2/AIRCARDOS2
    

SwiftDriver\ Compilation AirCard-iOS normal arm64 com.apple.xcode.tools.swift.compiler (in target 'AirCard-iOS' from project 'AirCard-iOS')
    cd /Users/runner/work/AIRCARDOS2/AIRCARDOS2
    builtin-Swift-Compilation -- /Applications/Xcode_16.4.app/Contents/Developer/Toolchains/XcodeDefault.xctoolchain/usr/bin/swiftc -module-name AirCard_iOS -O -whole-module-optimization -enforce-exclusivity\=checked @/Users/runner/work/AIRCARDOS2/AIRCARDOS2/build/DerivedData/Build/Intermediates.noindex/AirCard-iOS.build/Release-iphoneos/AirCard-iOS.build/Objects-normal/arm64/AirCard-iOS.SwiftFileList -enable-bare-slash-regex -enable-experimental-feature DebugDescriptionMacro -sdk /Applications/Xcode_16.4.app/Contents/Developer/Platforms/iPhoneOS.platform/Developer/SDKs/iPhoneOS18.5.sdk -target arm64-apple-ios18.0 -g -module-cache-path /Users/runner/work/AIRCARDOS2/AIRCARDOS2/build/DerivedData/ModuleCache.noindex -Xfrontend -serialize-debugging-options -swift-version 5 -I /Users/runner/work/AIRCARDOS2/AIRCARDOS2/build/DerivedData/Build/Products/Release-iphoneos -F /Users/runner/work/AIRCARDOS2/AIRCARDOS2/build/DerivedData/Build/Products/Release-iphoneos -F . -c -num-threads 3 -Xcc -ivfsstatcache -Xcc /Users/runner/work/AIRCARDOS2/AIRCARDOS2/build/DerivedData/SDKStatCaches.noindex/iphoneos18.5-22F76-a529daf784b3616c7c04a36aeb7f5c05.sdkstatcache -output-file-map /Users/runner/work/AIRCARDOS2/AIRCARDOS2/build/DerivedData/Build/Intermediates.noindex/AirCard-iOS.build/Release-iphoneos/AirCard-iOS.build/Objects-normal/arm64/AirCard-iOS-OutputFileMap.json -use-frontend-parseable-output -save-temps -no-color-diagnostics -serialize-diagnostics -emit-dependencies -emit-module -emit-module-path /Users/runner/work/AIRCARDOS2/AIRCARDOS2/build/DerivedData/Build/Intermediates.noindex/AirCard-iOS.build/Release-iphoneos/AirCard-iOS.build/Objects-normal/arm64/AirCard_iOS.swiftmodule -validate-clang-modules-once -clang-build-session-file /Users/runner/work/AIRCARDOS2/AIRCARDOS2/build/DerivedData/ModuleCache.noindex/Session.modulevalidation -Xcc -I/Users/runner/work/AIRCARDOS2/AIRCARDOS2/build/DerivedData/Build/Intermediates.noindex/AirCard-iOS.build/Release-iphoneos/AirCard-iOS.build/swift-overrides.hmap -emit-const-values -Xfrontend -const-gather-protocols-file -Xfrontend /Users/runner/work/AIRCARDOS2/AIRCARDOS2/build/DerivedData/Build/Intermediates.noindex/AirCard-iOS.build/Release-iphoneos/AirCard-iOS.build/Objects-normal/arm64/AirCard-iOS_const_extract_protocols.json -Xcc -iquote -Xcc /Users/runner/work/AIRCARDOS2/AIRCARDOS2/build/DerivedData/Build/Intermediates.noindex/AirCard-iOS.build/Release-iphoneos/AirCard-iOS.build/AirCard-iOS-generated-files.hmap -Xcc -I/Users/runner/work/AIRCARDOS2/AIRCARDOS2/build/DerivedData/Build/Intermediates.noindex/AirCard-iOS.build/Release-iphoneos/AirCard-iOS.build/AirCard-iOS-own-target-headers.hmap -Xcc -I/Users/runner/work/AIRCARDOS2/AIRCARDOS2/build/DerivedData/Build/Intermediates.noindex/AirCard-iOS.build/Release-iphoneos/AirCard-iOS.build/AirCard-iOS-all-target-headers.hmap -Xcc -iquote -Xcc /Users/runner/work/AIRCARDOS2/AIRCARDOS2/build/DerivedData/Build/Intermediates.noindex/AirCard-iOS.build/Release-iphoneos/AirCard-iOS.build/AirCard-iOS-project-headers.hmap -Xcc -I/Users/runner/work/AIRCARDOS2/AIRCARDOS2/build/DerivedData/Build/Products/Release-iphoneos/include -Xcc -I/Users/runner/work/AIRCARDOS2/AIRCARDOS2/build/DerivedData/Build/Intermediates.noindex/AirCard-iOS.build/Release-iphoneos/AirCard-iOS.build/DerivedSources-normal/arm64 -Xcc -I/Users/runner/work/AIRCARDOS2/AIRCARDOS2/build/DerivedData/Build/Intermediates.noindex/AirCard-iOS.build/Release-iphoneos/AirCard-iOS.build/DerivedSources/arm64 -Xcc -I/Users/runner/work/AIRCARDOS2/AIRCARDOS2/build/DerivedData/Build/Intermediates.noindex/AirCard-iOS.build/Release-iphoneos/AirCard-iOS.build/DerivedSources -emit-objc-header -emit-objc-header-path /Users/runner/work/AIRCARDOS2/AIRCARDOS2/build/DerivedData/Build/Intermediates.noindex/AirCard-iOS.build/Release-iphoneos/AirCard-iOS.build/Objects-normal/arm64/AirCard_iOS-Swift.h -working-directory /Users/runner/work/AIRCARDOS2/AIRCARDOS2 -no-emit-module-separately-wmo

LinkAssetCatalog /Users/runner/work/AIRCARDOS2/AIRCARDOS2/ios-app/Assets.xcassets (in target 'AirCard-iOS' from project 'AirCard-iOS')
    cd /Users/runner/work/AIRCARDOS2/AIRCARDOS2
    builtin-linkAssetCatalog --thinned /Users/runner/work/AIRCARDOS2/AIRCARDOS2/build/DerivedData/Build/Intermediates.noindex/AirCard-iOS.build/Release-iphoneos/AirCard-iOS.build/assetcatalog_output/thinned --thinned-dependencies /Users/runner/work/AIRCARDOS2/AIRCARDOS2/build/DerivedData/Build/Intermediates.noindex/AirCard-iOS.build/Release-iphoneos/AirCard-iOS.build/assetcatalog_dependencies_thinned --thinned-info-plist-content /Users/runner/work/AIRCARDOS2/AIRCARDOS2/build/DerivedData/Build/Intermediates.noindex/AirCard-iOS.build/Release-iphoneos/AirCard-iOS.build/assetcatalog_generated_info.plist_thinned --unthinned /Users/runner/work/AIRCARDOS2/AIRCARDOS2/build/DerivedData/Build/Intermediates.noindex/AirCard-iOS.build/Release-iphoneos/AirCard-iOS.build/assetcatalog_output/unthinned --unthinned-dependencies /Users/runner/work/AIRCARDOS2/AIRCARDOS2/build/DerivedData/Build/Intermediates.noindex/AirCard-iOS.build/Release-iphoneos/AirCard-iOS.build/assetcatalog_dependencies_unthinned --unthinned-info-plist-content /Users/runner/work/AIRCARDOS2/AIRCARDOS2/build/DerivedData/Build/Intermediates.noindex/AirCard-iOS.build/Release-iphoneos/AirCard-iOS.build/assetcatalog_generated_info.plist_unthinned --output /Users/runner/work/AIRCARDOS2/AIRCARDOS2/build/DerivedData/Build/Products/Release-iphoneos/AirCard-iOS.app --plist-output /Users/runner/work/AIRCARDOS2/AIRCARDOS2/build/DerivedData/Build/Intermediates.noindex/AirCard-iOS.build/Release-iphoneos/AirCard-iOS.build/assetcatalog_generated_info.plist
note: Emplaced /Users/runner/work/AIRCARDOS2/AIRCARDOS2/build/DerivedData/Build/Products/Release-iphoneos/AirCard-iOS.app/Assets.car (in target 'AirCard-iOS' from project 'AirCard-iOS')
note: Emplaced /Users/runner/work/AIRCARDOS2/AIRCARDOS2/build/DerivedData/Build/Products/Release-iphoneos/AirCard-iOS.app/AppIcon60x60@2x.png (in target 'AirCard-iOS' from project 'AirCard-iOS')
note: Emplaced /Users/runner/work/AIRCARDOS2/AIRCARDOS2/build/DerivedData/Build/Products/Release-iphoneos/AirCard-iOS.app/AppIcon76x76@2x~ipad.png (in target 'AirCard-iOS' from project 'AirCard-iOS')

ProcessInfoPlistFile /Users/runner/work/AIRCARDOS2/AIRCARDOS2/build/DerivedData/Build/Products/Release-iphoneos/AirCard-iOS.app/Info.plist /Users/runner/work/AIRCARDOS2/AIRCARDOS2/ios-app/Info.plist (in target 'AirCard-iOS' from project 'AirCard-iOS')
    cd /Users/runner/work/AIRCARDOS2/AIRCARDOS2
    builtin-infoPlistUtility /Users/runner/work/AIRCARDOS2/AIRCARDOS2/ios-app/Info.plist -producttype com.apple.product-type.application -genpkginfo /Users/runner/work/AIRCARDOS2/AIRCARDOS2/build/DerivedData/Build/Products/Release-iphoneos/AirCard-iOS.app/PkgInfo -expandbuildsettings -format binary -platform iphoneos -additionalcontentfile /Users/runner/work/AIRCARDOS2/AIRCARDOS2/build/DerivedData/Build/Intermediates.noindex/AirCard-iOS.build/Release-iphoneos/AirCard-iOS.build/assetcatalog_generated_info.plist -requiredArchitecture arm64 -o /Users/runner/work/AIRCARDOS2/AIRCARDOS2/build/DerivedData/Build/Products/Release-iphoneos/AirCard-iOS.app/Info.plist
error: unable to read property list from file: /Users/runner/work/AIRCARDOS2/AIRCARDOS2/ios-app/Info.plist: The operation couldn’t be completed. (SWBUtil.PropertyListConversionError error 2.) (in target 'AirCard-iOS' from project 'AirCard-iOS')

note: Disabling previews because SWIFT_VERSION is set and SWIFT_OPTIMIZATION_LEVEL=-O, expected -Onone (in target 'AirCard-iOS' from project 'AirCard-iOS')
** BUILD FAILED **


The following build commands failed:
	ProcessInfoPlistFile /Users/runner/work/AIRCARDOS2/AIRCARDOS2/build/DerivedData/Build/Products/Release-iphoneos/AirCard-iOS.app/Info.plist /Users/runner/work/AIRCARDOS2/AIRCARDOS2/ios-app/Info.plist (in target 'AirCard-iOS' from project 'AirCard-iOS')
	Building project AirCard-iOS with scheme AirCard-iOS and configuration Release
(2 failures)
